--------------------------------------------------------------------------------------
Timing Analyzer Summary
--------------------------------------------------------------------------------------

Type           : Worst-case tco
Slack          : N/A
Required Time  : None
Actual Time    : 10.141 ns
From           : lpm_dff0:inst7|lpm_ff:lpm_ff_component|dffs[10]
To             : memory_in[0]
From Clock     : clk
To Clock       : --
Failed Paths   : 0

Type           : Clock Setup: 'clk'
Slack          : N/A
Required Time  : None
Actual Time    : 129.80 MHz ( period = 7.704 ns )
From           : takt:inst1|lpm_counter3:inst2|lpm_counter:lpm_counter_component|cntr_qlh:auto_generated|safe_q[0]
To             : registers:inst15|lpm_dff0:register_6|lpm_ff:lpm_ff_component|dffs[14]
From Clock     : clk
To Clock       : clk
Failed Paths   : 0

Type           : Total number of failed paths
Slack          : 
Required Time  : 
Actual Time    : 
From           : 
To             : 
From Clock     : 
To Clock       : 
Failed Paths   : 0

--------------------------------------------------------------------------------------

